// Jest Snapshot v1, https://goo.gl/fbAQLP

exports[`snapShot of button: 
            <button type={type} disabled={isDisabled}{...rest} className={classes}>
            {isLoading && <Loading type={loadingType}/>}
            {isLoading ? loadingText:children}
        </button>  
             1`] = `
<div>
  <button
    class="btn btn-primary btn- btn-"
    disabled=""
    type="button"
  >
    click here
  </button>
</div>
`;
